// Jest Snapshot v1, https://goo.gl/fbAQLP

exports[`renders correctly 1`] = `
<RCTSafeAreaView
  emulateUnlessSupported={true}
  style={
    Object {
      "flex": 1,
    }
  }
>
  <View
    style={
      Object {
        "alignItems": "center",
        "flex": 1,
        "justifyContent": "center",
      }
    }
  >
    <Image
      source={
        Object {
          "testUri": "../../../assets/images/segware.png",
        }
      }
      style={
        Object {
          "height": 100,
          "transform": Array [
            Object {
              "scale": 1,
            },
          ],
          "width": 100,
        }
      }
    />
  </View>
</RCTSafeAreaView>
`;
